
> vite-react-typescript-starter@0.0.0 build
> vite build

[36mvite v5.4.8 [32mbuilding for production...[36m[39m
transforming...
[32mÔ£ô[39m 1480 modules transformed.
rendering chunks...
computing gzip size...
[2mdist/[22m[32mregisterSW.js              [39m[1m[2m  0.13 kB[22m[1m[22m
[2mdist/[22m[32mmanifest.webmanifest       [39m[1m[2m  0.47 kB[22m[1m[22m
[2mdist/[22m[32mindex.html                 [39m[1m[2m  1.32 kB[22m[1m[22m[2m Ôöé gzip:  0.59 kB[22m
[2mdist/[22m[35massets/index-DCn62i8C.css  [39m[1m[2m 17.95 kB[22m[1m[22m[2m Ôöé gzip:  3.86 kB[22m
[2mdist/[22m[36massets/index-Crw47k9S.js   [39m[1m[2m178.17 kB[22m[1m[22m[2m Ôöé gzip: 54.37 kB[22m
[32mÔ£ô built in 4.44s[39m

PWA v1.2.0
mode      generateSW
precache  11 entries (1418.08 KiB)
files generated
  dist/sw.js
  dist/workbox-1d305bb8.js
